// Jest Snapshot v1, https://goo.gl/fbAQLP

exports[`it renders and matches with snaphot 1`] = `
<DocumentFragment>
  <div>
    <form
      class="SignUpForm"
    >
      <label
        for="username"
      >
        Username
      </label>
      <input
        id="username"
        name="username"
        placeholder="Username"
        value=""
      />
      <label
        for="password"
      >
        Password
      </label>
      <input
        id="password"
        name="password"
        placeholder="Password"
        type="password"
        value=""
      />
      <label
        for="firstName"
      >
        First Name
      </label>
      <input
        id="firstName"
        name="firstName"
        placeholder="First Name"
        value=""
      />
      <label
        for="lastName"
      >
        Last Name
      </label>
      <input
        id="lastName"
        name="lastName"
        placeholder="Last Name"
        value=""
      />
      <label
        for="email"
      >
        Email
      </label>
      <input
        id="email"
        name="email"
        placeholder="email"
        type="email"
        value=""
      />
      <button>
        Submit
      </button>
    </form>
  </div>
</DocumentFragment>
`;
