// Jest Snapshot v1, https://goo.gl/fbAQLP

exports[`matches snapshot with logo 1`] = `
<DocumentFragment>
  <a
    class="CompanyCard"
    href="/companies/test"
  >
    <div>
      <h2
        data-testid="company-name"
      >
        Test
      </h2>
      <p>
        testing 1, 2, 3...
      </p>
    </div>
  </a>
</DocumentFragment>
`;

exports[`matches snapshot without logo 1`] = `
<DocumentFragment>
  <a
    class="CompanyCard"
    href="/companies/test"
  >
    <div>
      <h2
        data-testid="company-name"
      >
        Test
      </h2>
      <p>
        testing 1, 2, 3...
      </p>
    </div>
  </a>
</DocumentFragment>
`;
