// Jest Snapshot v1, https://goo.gl/fbAQLP

exports[`it renders and matches with snaphot 1`] = `
<DocumentFragment>
  <div
    class="JobCard"
  >
    <h2
      data-testid="job-title"
    >
      job
    </h2>
    <h3
      data-testid="company-name"
    >
      C1
    </h3>
    <p>
      Salary: $100,00
    </p>
    <p>
      Equity: 0.2
    </p>
    <button>
      APPLY
    </button>
  </div>
</DocumentFragment>
`;
